// Jest Snapshot v1, https://goo.gl/fbAQLP

exports[`addManyCustomEngine should add many files 1`] = `
"/* eslint-disable */
// prettier-ignore
import React from \\"react\\";

interface ImageProps {
  src: string;
}

const Image = (props: ImageProps): JSX.Element => {
  const { src } = props;
  return (
    <img
      className=\\"class\\"
      src={src}
      style={{ width: \\"100%\\", height: \\"100%\\" }}
    />
  );
};

export default Image;
"
`;
